INFO: [VRFC 10-2263] Analyzing Verilog file "C:/imp folders/vlog prrojects/internship_isa_chip/internship_isa_chip.srcs/sources_1/new/adder_5bit.v" into library xil_defaultlib
INFO: [VRFC 10-311] analyzing module adder_5bit
INFO: [VRFC 10-2263] Analyzing Verilog file "C:/imp folders/vlog prrojects/internship_isa_chip/internship_isa_chip.srcs/sources_1/new/alu_3bit.v" into library xil_defaultlib
INFO: [VRFC 10-311] analyzing module alu_3bit
INFO: [VRFC 10-2263] Analyzing Verilog file "C:/imp folders/vlog prrojects/internship_isa_chip/internship_isa_chip.srcs/sources_1/new/cpu.v" into library xil_defaultlib
INFO: [VRFC 10-311] analyzing module cpu
INFO: [VRFC 10-2263] Analyzing Verilog file "C:/imp folders/vlog prrojects/internship_isa_chip/internship_isa_chip.srcs/sources_1/new/decoder.v" into library xil_defaultlib
INFO: [VRFC 10-311] analyzing module decoder
INFO: [VRFC 10-2263] Analyzing Verilog file "C:/imp folders/vlog prrojects/internship_isa_chip/internship_isa_chip.srcs/sources_1/new/mux_3bit.v" into library xil_defaultlib
INFO: [VRFC 10-311] analyzing module mux_3bit
INFO: [VRFC 10-2263] Analyzing Verilog file "C:/imp folders/vlog prrojects/internship_isa_chip/internship_isa_chip.srcs/sources_1/new/mux_5bit.v" into library xil_defaultlib
INFO: [VRFC 10-311] analyzing module mux_5bit
INFO: [VRFC 10-2263] Analyzing Verilog file "C:/imp folders/vlog prrojects/internship_isa_chip/internship_isa_chip.srcs/sources_1/new/pc.v" into library xil_defaultlib
INFO: [VRFC 10-311] analyzing module pc
INFO: [VRFC 10-2263] Analyzing Verilog file "C:/imp folders/vlog prrojects/internship_isa_chip/internship_isa_chip.srcs/sources_1/new/pc_reg.v" into library xil_defaultlib
INFO: [VRFC 10-311] analyzing module pc_reg
INFO: [VRFC 10-2263] Analyzing Verilog file "C:/imp folders/vlog prrojects/internship_isa_chip/internship_isa_chip.srcs/sources_1/new/reg_file.v" into library xil_defaultlib
INFO: [VRFC 10-311] analyzing module reg_file
INFO: [VRFC 10-2263] Analyzing Verilog file "C:/imp folders/vlog prrojects/internship_isa_chip/internship_isa_chip.srcs/sources_1/new/sign_ext.v" into library xil_defaultlib
INFO: [VRFC 10-311] analyzing module sign_ext
INFO: [VRFC 10-2263] Analyzing Verilog file "C:/imp folders/vlog prrojects/internship_isa_chip/internship_isa_chip.srcs/sim_1/new/cpu_tb.v" into library xil_defaultlib
INFO: [VRFC 10-311] analyzing module cpu_tb
